---
source: tests/snapshot.rs
expression: "render_strip(&strip, 80, height)"
---
┌ Metrics ─────────────────────────────────────────────────────────────────────┐
│● STT: listening   TTS: on                                                    │
│Target: vi   Pairs: 20   Cost: ~$0.750                                        │
│Elapsed: 5:00                                                                 │
│CPU:12%  RAM:64MB  Net:↑8/↓32 kbps  E2E:420ms  Loss:0.0%                      │
│trunc:0%  flicker:0  mt:0                                                     │
│⚠ Cost warning: $0.75                                                         │
└──────────────────────────────────────────────────────────────────────────────┘
