---
source: tests/snapshot.rs
expression: rendered
---
┌ Metrics ─────────────────────────────────────────────────────────────────────┐
│[READY] STT: local   TTS: off   Route: Speakers                               │
│MT: idle                                                                      │
│Target: vi   Pairs: 0   Cost: no charges                                      │
│Elapsed: 0:00                                                                 │
│CPU:0%  RAM:0MB  Net:↑0/↓0 kbps  E2E:—  Loss:0.0%                             │
│trunc:0%  flicker:0  mt:0                                                     │
│local CPU:0%  local inflight:0                                                │
│transcripts: —  audio archive: (consent revoked)                              │
└──────────────────────────────────────────────────────────────────────────────┘
