---
source: tests/snapshot.rs
expression: rendered
---
                                        
┌ Change Language ─────────────────────┐
│ Target language code (e.g. ja, fr, de│
│                                      │
│ > ja_                                │
└──────────────────────────────────────┘
