---
source: tests/snapshot.rs
assertion_line: 602
expression: "render_config_editor(&editor, 90, 20)"
---

       ┌ First-Run Setup ─────────────────────────────────────────────────────────┐
       │ Save your initial config to the home folder, then restart if prompted.   │
       │ Path: C:\Users\demo\.tui-translator\config.json                          │
       │                                                                          │
       │> Source language : ja-JP_                                                │
       │  Target language : vi                                                    │
       │  Google API key  : demo-key                                              │
       │  Audio source    : wasapi                                                │
       │  Capture device  : Windows default playback                              │
       │  Audio file path : C:\capture\fixture.wav                                │
       │  STT provider    : google                                                │
       │  MT provider     : google                                                │
       │                                                                          │
       │ Ready to save.                                                           │
       │ Tab/Down: next   Shift+Tab/Up: previous   Enter: save   Esc: close       │
       │ Providers: google now; local is saved for offline mode. Restart required.│
       └──────────────────────────────────────────────────────────────────────────┘
