---
source: tests/snapshot.rs
expression: "render_help(80, 8, 0)"
---
            ┌ Help [0/8] — ↑↓ scroll · Esc close ──────────────────┐            
            │ Keyboard Shortcuts                                   │            
            │                                                      │            
            │  Tab        Move focus between scrollable boxes      │            
            │  ↑ / ↓     Scroll the focused box                    │            
            │  Home/End   Scroll top / bottom                      │            
            │  Space      Pause / resume translation               │            
            └──────────────────────────────────────────────────────┘
