---
source: tests/snapshot.rs
expression: "render_strip(&strip, 130, 3)"
---
┌────────────────────────────────────────────────────────────────────────────────────────────────────────────────────────────────┐
│[READY]  ● STT: local │ Lang:fr │ TTS:off │ Route:Speakers │ 8 pairs │ Audio:60s │ ~$0.024 │ 1:00                               │
└────────────────────────────────────────────────────────────────────────────────────────────────────────────────────────────────┘
