---
source: tests/snapshot.rs
expression: "render_strip(&strip, 120, 3)"
---
┌──────────────────────────────────────────────────────────────────────────────────────────────────────────────────────┐
│ ○ STT: waiting │ Lang:vi │ TTS:off │ 5 pairs │ Audio:25s │ $0.0100 │ 0:45                                            │
└──────────────────────────────────────────────────────────────────────────────────────────────────────────────────────┘
