---
source: tests/snapshot.rs
expression: "render_strip(&strip, 80, 5)"
---
┌ Metrics ─────────────────────────────────────────────────────────────────────┐
│STT: idle   TTS: off                                                          │
│Target: vi   Pairs: 0   Cost: $0.0000                                         │
│Elapsed: 0:00                                                                 │
└──────────────────────────────────────────────────────────────────────────────┘
