---
source: tests/snapshot.rs
assertion_line: 1668
expression: "render_help(80, 8, 9999)"
---
            ┌ Help [9/9] — ↑↓ scroll · Esc close ──────────────────┐            
            │  S          Settings (F2/Ctrl+D cycles field values) │            
            │  R          Reload config from disk                  │            
            │  ?          Show / hide this help                    │            
            │  Esc        Dismiss this overlay                     │            
            │  Tab        Switch A/B pane focus (dual-slot mode)   │            
            │  q / Ctrl+C Quit — shows session summary             │            
            └──────────────────────────────────────────────────────┘
