---
source: tests/snapshot.rs
assertion_line: 1502
expression: rendered
---
┌──────────────────────────────────────┐
│TUI Translator   │   ja-JP → vi   │   │
└──────────────────────────────────────┘
┌ Audio — Default device ──────────────┐
│                  0%                  │
└──────────────────────────────────────┘
┌──────────────────────────────────────┐
│ I/L Lang:vi 0p                       │
└──────────────────────────────────────┘
 ?  Spc  T  L  S  M  R  Tab  Q
