---
source: tests/snapshot.rs
expression: rendered
---
                                                            
                                                            
                                                            
┌> ⚠ Authentication Error — API calls halted ──────────────┐
│ ⚠  API Key Error                                         │
│                                                          │
│ invalid API key                                          │
│ Fix the key in config.json, then restart the application │
│to recover. Tab changes focus; ↑/↓ scroll.                │
└──────────────────────────────────────────────────────────┘
