---
source: tests/snapshot.rs
expression: "render_strip(&strip, 120, 3)"
---
┌──────────────────────────────────────────────────────────────────────────────────────────────────────────────────────┐
│ ● STT: listening │ Lang:vi │ TTS:on │ 7 pairs │ Audio:42s │ ~$0.017 │ 1:23                                           │
└──────────────────────────────────────────────────────────────────────────────────────────────────────────────────────┘
