---
source: tests/snapshot.rs
expression: rendered
---
┌──────────────────────────────────────┐
│TUI Translator   │   ja-JP → vi   │   │
└──────────────────────────────────────┘
┌ Audio — Speakers (Very Long USB-C D… ┐
│                  0%                  │
└──────────────────────────────────────┘
┌──────────────────────────────────────┐
│ idle/local Lang:vi 0p                │
└──────────────────────────────────────┘
 ?  Spc  T  L  S  M  R  Q
