---
source: tests/snapshot.rs
expression: "render_config_editor(&editor, 90, 20)"
---
       ┌ First-Run Setup ─────────────────────────────────────────────────────────┐
       │ Save your initial config: source, target, Google API key. Ctrl+C quits   │
       │for manual config.                                                        │
       │ Path: C:\Users\demo\.tui-translator\config.json                          │
       │> Source language : ja-JP_                                                │
       │  Target language : vi                                                    │
       │  Google API key  : ••••••••                                              │
       │  Audio source    : wasapi                                                │
       │  Capture device  : Windows default playback                              │
       │  Audio file path : C:\capture\fixture.wav                                │
       │  STT provider    : local                                                 │
       │  MT provider     : google                                                │
       │  TTS enabled     : false                                                 │
       │  TTS routing     : speakers                                              │
       │  Virtual mic     : not configured                                        │
       │  STT fallback    : google-when-keyed                                     │
       │ Ready to save.                                                           │
       │ Tab/Down next  Shift+Tab/Up prev  F2/⌃D cycle  Enter save  Esc close     │
       │                                                                          │
       └──────────────────────────────────────────────────────────────────────────┘
