---
source: tests/snapshot.rs
expression: "render_config_editor(&editor, 60, 16)"
---
                                                            
┌ First-Run Setup ─────────────────────────────────────────┐
│ Save your initial config to the home folder, then restart│
│if prompted.                                              │
│ Path: C:\Users\demo\.tui-translator\config.json          │
│                                                          │
│> Source language : ja-JP_                                │
│  Target language : vi                                    │
│  Google API key  : —                                     │
│  Audio source    : wasapi                                │
│  Audio file path : —                                     │
│                                                          │
│ Tab/Down: next   Shift+Tab/Up: previous   Enter: save    │
└──────────────────────────────────────────────────────────┘
