---
source: tests/snapshot.rs
expression: rendered
---
┌ Metrics ─────────────────────────────────────────────────────────────────────┐
│[READY] ● STT: local   TTS: off   Route: Speakers                             │
│MT: idle                                                                      │
│Target: vi   Pairs: 10   Cost: ~$0.024                                        │
│Elapsed: 1:00                                                                 │
│CPU:45%  RAM:600MB  Net:↑8/↓32 kbps  E2E:420ms  Loss:0.0%                     │
│trunc:0%  flicker:0  mt:0                                                     │
│local CPU:0%  local inflight:0                                                │
│transcripts: —  audio archive: (consent revoked)                              │
│⚠ RAM warning: 600MB over budget; optional recording disabled                 │
└──────────────────────────────────────────────────────────────────────────────┘
