---
source: tests/snapshot.rs
assertion_line: 645
expression: "render_config_editor(&editor, 60, 16)"
---
┌ Settings ────────────────────────────────────────────────┐
│ Edit the saved config and press Enter to persist changes.│
│ Path: C:\Users\demo\.tui-translator\config.json          │
│                                                          │
│  Source language : ja-JP                                 │
│> Target language : vi_                                   │
│  Google API key  : —                                     │
│  Audio source    : wasapi                                │
│  Capture device  : Windows default playback              │
│  Audio file path : —                                     │
│  STT provider    : google                                │
│  MT provider     : google                                │
│                                                          │
│ Ready to save.                                           │
│ Tab: next  Shift+Tab: prev  Enter: save  Esc: close      │
└──────────────────────────────────────────────────────────┘
