---
source: tests/snapshot.rs
expression: rendered
---
┌ Metrics ─────────────────────────────────────────────────────────────────────┐
│STT: idle   TTS: off   Route: Speakers                                        │
│Target: vi   Pairs: 0   Cost: no charges                                      │
│Elapsed: 0:00                                                                 │
│CPU:0%  RAM:0MB  Net:↑0/↓0 kbps  E2E:—  Loss:0.0%                             │
│trunc:0%  flicker:0  mt:0                                                     │
│transcripts: —  audio archive: (consent revoked)                              │
└──────────────────────────────────────────────────────────────────────────────┘
