---
source: tests/snapshot.rs
expression: rendered
---
┌──────────────────────────────────────────────────────────────────────────────────────────────────────────────────────┐
│ ● STT: listening │ Lang:vi │ TTS:off │ 10 pairs │ Audio:60s │ ~$0.024 │ 1:00 │ ⚠ RAM:600MB                           │
└──────────────────────────────────────────────────────────────────────────────────────────────────────────────────────┘
