---
source: tests/snapshot.rs
expression: rendered
---
┌──────────────────────────────────────────────────────────────────────────────┐
│                TUI Translator   │   ja-JP → vi   │   STT: idle               │
└──────────────────────────────────────────────────────────────────────────────┘
┌ Audio — Default device ──────────────────────────────────────────────────────┐
│                                      0%                                      │
└──────────────────────────────────────────────────────────────────────────────┘
┌ Subtitles ───────────────────────────────────────────────────────────────────┐
│                                                                              │
│                                                                              │
│                                                                              │
│                                                                              │
│                                                                              │
│                                                                              │
│                              No subtitles yet.                               │
│                                                                              │
│                                                                              │
│                                                                              │
│                                                                              │
│                                                                              │
└──────────────────────────────────────────────────────────────────────────────┘
┌──────────────────────────────────────────────────────────────────────────────┐
│ STT: idle │ Lang:vi │ TTS:off │ Route:spk │ 0 pairs │ no charges │ 0:00      │
└──────────────────────────────────────────────────────────────────────────────┘
 ? help  Space pause  T audio  L lang  S settings  M metrics  R reload  Q quit
