---
source: tests/snapshot.rs
expression: rendered
---
┌──────────────────────────────────────┐
│TUI Translator   │   ja-JP → vi   │   │
└──────────────────────────────────────┘
┌ Audio — Default device ──────────────┐
│                  0%                  │
└──────────────────────────────────────┘
┌──────────────────────────────────────┐
│[READY]  I/L Lang:vi 0p               │
└──────────────────────────────────────┘
 ?  Spc  T  L  S  M  R  Tab  Q
