---
source: tests/snapshot.rs
assertion_line: 1662
expression: "render_help(80, 8, 0)"
---
            ┌ Help [0/9] — ↑↓ scroll · Esc close ──────────────────┐            
            │ Keyboard Shortcuts                                   │            
            │                                                      │            
            │  ↑ / ↓     Scroll subtitles/help                     │            
            │  Home       Scroll to top                            │            
            │  End        Scroll to bottom / auto-follow           │            
            │  Space      Pause / resume translation               │            
            └──────────────────────────────────────────────────────┘
