---
source: tests/snapshot.rs
assertion_line: 615
expression: "render_config_editor(&editor, 60, 16)"
---
┌ First-Run Setup ─────────────────────────────────────────┐
│ Save your initial config to the home folder, then restart│
│if prompted.                                              │
│ Path: C:\Users\demo\.tui-translator\config.json          │
│                                                          │
│> Source language : ja-JP_                                │
│  Target language : vi                                    │
│  Google API key  : —                                     │
│  Audio source    : wasapi                                │
│  Capture device  : Windows default playback              │
│  Audio file path : —                                     │
│  STT provider    : google                                │
│  MT provider     : google                                │
│ Ready to save.                                           │
│ Tab: next  Shift+Tab: prev  Enter: save  Esc: close      │
└──────────────────────────────────────────────────────────┘
