---
source: tests/snapshot.rs
assertion_line: 1732
expression: rendered
---
┌──────────────────────────────────────────────────────────────────────────────┐
│               TUI Translator   │   ja-JP → vi   │   STT: local               │
└──────────────────────────────────────────────────────────────────────────────┘
┌ Audio — Default device ──────────────────────────────────────────────────────┐
│                                      0%                                      │
└──────────────────────────────────────────────────────────────────────────────┘
┌ Subtitles ───────────────────────────────────────────────────────────────────┐
│                                                                              │
│                                                                              │
│                                                                              │
│                                                                              │
│                                                                              │
│                                                                              │
│                              No subtitles yet.                               │
│                                                                              │
│                                                                              │
│                                                                              │
│                                                                              │
│                                                                              │
└──────────────────────────────────────────────────────────────────────────────┘
┌──────────────────────────────────────────────────────────────────────────────┐
│[READY]  STT: local │ Lang:vi │ TTS:off │ Route:spk │ 0 pairs │ no charges │ 0│
└──────────────────────────────────────────────────────────────────────────────┘
 ? help Space pause T audio L lang S settings M metrics R reload B model Q quit
