---
source: tests/snapshot.rs
assertion_line: 1731
expression: "render_help(80, 24, 0)"
---
                                                                                
                                                                                
            ┌ Help — press ? or Esc to close ──────────────────────┐            
            │ Keyboard Shortcuts                                   │            
            │                                                      │            
            │  ↑ / ↓     Scroll subtitles/help                     │            
            │  Home       Scroll to top                            │            
            │  End        Scroll to bottom / auto-follow           │            
            │  Space      Pause / resume translation               │            
            │  T          Toggle TTS audio output                  │            
            │  V          Cycle TTS voice (CTRL-02)                │            
            │  M          Toggle metrics panel (compact/expanded)  │            
            │  L          Change target language                   │            
            │  S          Settings (F2/Ctrl+D cycles field values) │            
            │  R          Reload config from disk                  │            
            │  ?          Show / hide this help                    │            
            │  Esc        Dismiss this overlay                     │            
            │  Tab        Switch A/B pane focus (dual-slot mode)   │            
            │  [ / ]      Mic gain  -1/+1 dB    { / } TTS vol  -1/+│            
            │  0          Reset mic gain and TTS volume to 0 dB (CT│            
            │  q / Ctrl+C Quit — shows session summary             │            
            └──────────────────────────────────────────────────────┘
