---
source: tests/snapshot.rs
expression: rendered
---
┌ Help [0/1] — ↑↓ scroll · Esc close ──┐
│ Keyboard Shortcuts                   │
│                                      │
│  Tab        Move focus between scroll│
│  ↑ / ↓     Scroll the focused box    │
│  Home/End   Scroll top / bottom      │
│  Space      Pause / resume translatio│
│  T          Toggle TTS audio output  │
│  M          Toggle metrics panel (com│
│  L          Change target language   │
│  S          Settings (F2/Ctrl+D cycle│
│  R          Reload config from disk  │
│  ?          Show / hide this help    │
│  Esc        Dismiss this overlay     │
└──────────────────────────────────────┘
