---
source: tests/snapshot.rs
expression: rendered
---
┌ Metrics ─────────────────────────────────────────────────────────────────────┐
│● STT: local   TTS: on   Route: Speakers                                      │
│Target: vi   Pairs: 12   Cost: ~$0.072                                        │
│Elapsed: 3:00                                                                 │
│CPU:0%  RAM:0MB  Net:↑0/↓0 kbps  E2E:—  Loss:0.0%                             │
│trunc:0%  flicker:0  mt:0                                                     │
│local CPU:0%  local inflight:0                                                │
│transcripts: —  audio archive: (consent revoked)                              │
└──────────────────────────────────────────────────────────────────────────────┘
