---
source: tests/snapshot.rs
expression: "render_pane(&pane, 80, 24)"
---
┌ Subtitles ───────────────────────────────────────────────────────────────────┐
│[SRC…] First partial line only                                                │
│[TGT…] Dòng tạm thời đầu tiên                                                 │
│                                                                              │
│                                                                              │
│                                                                              │
│                                                                              │
│                                                                              │
│                                                                              │
│                                                                              │
│                                                                              │
│                                                                              │
│                                                                              │
│                                                                              │
│                                                                              │
│                                                                              │
│                                                                              │
│                                                                              │
│                                                                              │
│                                                                              │
│                                                                              │
│                                                                              │
│                                                                              │
└──────────────────────────────────────────────────────────────────────────────┘
