---
source: tests/snapshot.rs
assertion_line: 682
expression: "render_config_editor(&editor, 60, 16)"
---
┌ Settings ────────────────────────────────────────────────┐
│ Path: C:\Users\demo\.tui-translator\config.json          │
│  Source language : ja-JP                                 │
│> Target language : vi_                                   │
│  Google API key  : — (not set)                           │
│  Audio source    : wasapi                                │
│  Capture device  : Windows default playback              │
│  Audio file path : —                                     │
│  STT provider    : google                                │
│  MT provider     : google                                │
│  TTS enabled     : false                                 │
│  STT fallback    : none                                  │
│ Ready to save.                                           │
│ Tab/Shift+Tab move  F2 cycle  Enter save  Esc close      │
│                                                          │
└──────────────────────────────────────────────────────────┘
